Analysis & Synthesis report for statemachine
Tue May 02 15:45:01 2023
Quartus Prime Version 20.1.1 Build 720 11/11/2020 SJ Lite Edition


---------------------
; Table of Contents ;
---------------------
  1. Legal Notice
  2. Analysis & Synthesis Summary
  3. Analysis & Synthesis Settings
  4. Parallel Compilation
  5. Analysis & Synthesis Source Files Read
  6. Analysis & Synthesis Resource Usage Summary
  7. Analysis & Synthesis Resource Utilization by Entity
  8. Registers Removed During Synthesis
  9. General Register Statistics
 10. Inverted Register Statistics
 11. Parameter Settings for User Entity Instance: Freqdivider100k:inst|74163:inst2
 12. Parameter Settings for User Entity Instance: Freqdivider100k:inst|74163:inst
 13. Parameter Settings for User Entity Instance: LPWM:inst2|7485:inst3
 14. Parameter Settings for User Entity Instance: LPWM:inst2|74161:inst
 15. Parameter Settings for User Entity Instance: RPWM:inst3|7485:inst3
 16. Parameter Settings for User Entity Instance: RPWM:inst3|74161:inst
 17. Post-Synthesis Netlist Statistics for Top Partition
 18. Elapsed Time Per Partition
 19. Analysis & Synthesis Messages



----------------
; Legal Notice ;
----------------
Copyright (C) 2020  Intel Corporation. All rights reserved.
Your use of Intel Corporation's design tools, logic functions 
and other software and tools, and any partner logic 
functions, and any output files from any of the foregoing 
(including device programming or simulation files), and any 
associated documentation or information are expressly subject 
to the terms and conditions of the Intel Program License 
Subscription Agreement, the Intel Quartus Prime License Agreement,
the Intel FPGA IP License Agreement, or other applicable license
agreement, including, without limitation, that your use is for
the sole purpose of programming logic devices manufactured by
Intel and sold by Intel or its authorized distributors.  Please
refer to the applicable agreement for further details, at
https://fpgasoftware.intel.com/eula.



+----------------------------------------------------------------------------------+
; Analysis & Synthesis Summary                                                     ;
+------------------------------------+---------------------------------------------+
; Analysis & Synthesis Status        ; Successful - Tue May 02 15:45:01 2023       ;
; Quartus Prime Version              ; 20.1.1 Build 720 11/11/2020 SJ Lite Edition ;
; Revision Name                      ; statemachine                                ;
; Top-level Entity Name              ; Final_Schematic                             ;
; Family                             ; MAX 10                                      ;
; Total logic elements               ; 47                                          ;
;     Total combinational functions  ; 47                                          ;
;     Dedicated logic registers      ; 21                                          ;
; Total registers                    ; 21                                          ;
; Total pins                         ; 11                                          ;
; Total virtual pins                 ; 0                                           ;
; Total memory bits                  ; 0                                           ;
; Embedded Multiplier 9-bit elements ; 0                                           ;
; Total PLLs                         ; 0                                           ;
; UFM blocks                         ; 0                                           ;
; ADC blocks                         ; 0                                           ;
+------------------------------------+---------------------------------------------+


+------------------------------------------------------------------------------------------------------------+
; Analysis & Synthesis Settings                                                                              ;
+------------------------------------------------------------------+--------------------+--------------------+
; Option                                                           ; Setting            ; Default Value      ;
+------------------------------------------------------------------+--------------------+--------------------+
; Device                                                           ; 10M50DAF484C7G     ;                    ;
; Top-level entity name                                            ; Final_Schematic    ; statemachine       ;
; Family name                                                      ; MAX 10             ; Cyclone V          ;
; Use smart compilation                                            ; Off                ; Off                ;
; Enable parallel Assembler and Timing Analyzer during compilation ; On                 ; On                 ;
; Enable compact report table                                      ; Off                ; Off                ;
; Restructure Multiplexers                                         ; Auto               ; Auto               ;
; Create Debugging Nodes for IP Cores                              ; Off                ; Off                ;
; Preserve fewer node names                                        ; On                 ; On                 ;
; Intel FPGA IP Evaluation Mode                                    ; Enable             ; Enable             ;
; Verilog Version                                                  ; Verilog_2001       ; Verilog_2001       ;
; VHDL Version                                                     ; VHDL_1993          ; VHDL_1993          ;
; State Machine Processing                                         ; Auto               ; Auto               ;
; Safe State Machine                                               ; Off                ; Off                ;
; Extract Verilog State Machines                                   ; On                 ; On                 ;
; Extract VHDL State Machines                                      ; On                 ; On                 ;
; Ignore Verilog initial constructs                                ; Off                ; Off                ;
; Iteration limit for constant Verilog loops                       ; 5000               ; 5000               ;
; Iteration limit for non-constant Verilog loops                   ; 250                ; 250                ;
; Add Pass-Through Logic to Inferred RAMs                          ; On                 ; On                 ;
; Infer RAMs from Raw Logic                                        ; On                 ; On                 ;
; Parallel Synthesis                                               ; On                 ; On                 ;
; DSP Block Balancing                                              ; Auto               ; Auto               ;
; NOT Gate Push-Back                                               ; On                 ; On                 ;
; Power-Up Don't Care                                              ; On                 ; On                 ;
; Remove Redundant Logic Cells                                     ; Off                ; Off                ;
; Remove Duplicate Registers                                       ; On                 ; On                 ;
; Ignore CARRY Buffers                                             ; Off                ; Off                ;
; Ignore CASCADE Buffers                                           ; Off                ; Off                ;
; Ignore GLOBAL Buffers                                            ; Off                ; Off                ;
; Ignore ROW GLOBAL Buffers                                        ; Off                ; Off                ;
; Ignore LCELL Buffers                                             ; Off                ; Off                ;
; Ignore SOFT Buffers                                              ; On                 ; On                 ;
; Limit AHDL Integers to 32 Bits                                   ; Off                ; Off                ;
; Optimization Technique                                           ; Balanced           ; Balanced           ;
; Carry Chain Length                                               ; 70                 ; 70                 ;
; Auto Carry Chains                                                ; On                 ; On                 ;
; Auto Open-Drain Pins                                             ; On                 ; On                 ;
; Perform WYSIWYG Primitive Resynthesis                            ; Off                ; Off                ;
; Auto ROM Replacement                                             ; On                 ; On                 ;
; Auto RAM Replacement                                             ; On                 ; On                 ;
; Auto DSP Block Replacement                                       ; On                 ; On                 ;
; Auto Shift Register Replacement                                  ; Auto               ; Auto               ;
; Allow Shift Register Merging across Hierarchies                  ; Auto               ; Auto               ;
; Auto Clock Enable Replacement                                    ; On                 ; On                 ;
; Strict RAM Replacement                                           ; Off                ; Off                ;
; Allow Synchronous Control Signals                                ; On                 ; On                 ;
; Force Use of Synchronous Clear Signals                           ; Off                ; Off                ;
; Auto RAM Block Balancing                                         ; On                 ; On                 ;
; Auto RAM to Logic Cell Conversion                                ; Off                ; Off                ;
; Auto Resource Sharing                                            ; Off                ; Off                ;
; Allow Any RAM Size For Recognition                               ; Off                ; Off                ;
; Allow Any ROM Size For Recognition                               ; Off                ; Off                ;
; Allow Any Shift Register Size For Recognition                    ; Off                ; Off                ;
; Use LogicLock Constraints during Resource Balancing              ; On                 ; On                 ;
; Ignore translate_off and synthesis_off directives                ; Off                ; Off                ;
; Timing-Driven Synthesis                                          ; On                 ; On                 ;
; Report Parameter Settings                                        ; On                 ; On                 ;
; Report Source Assignments                                        ; On                 ; On                 ;
; Report Connectivity Checks                                       ; On                 ; On                 ;
; Ignore Maximum Fan-Out Assignments                               ; Off                ; Off                ;
; Synchronization Register Chain Length                            ; 2                  ; 2                  ;
; Power Optimization During Synthesis                              ; Normal compilation ; Normal compilation ;
; HDL message level                                                ; Level2             ; Level2             ;
; Suppress Register Optimization Related Messages                  ; Off                ; Off                ;
; Number of Removed Registers Reported in Synthesis Report         ; 5000               ; 5000               ;
; Number of Swept Nodes Reported in Synthesis Report               ; 5000               ; 5000               ;
; Number of Inverted Registers Reported in Synthesis Report        ; 100                ; 100                ;
; Clock MUX Protection                                             ; On                 ; On                 ;
; Auto Gated Clock Conversion                                      ; Off                ; Off                ;
; Block Design Naming                                              ; Auto               ; Auto               ;
; SDC constraint protection                                        ; Off                ; Off                ;
; Synthesis Effort                                                 ; Auto               ; Auto               ;
; Shift Register Replacement - Allow Asynchronous Clear Signal     ; On                 ; On                 ;
; Pre-Mapping Resynthesis Optimization                             ; Off                ; Off                ;
; Analysis & Synthesis Message Level                               ; Medium             ; Medium             ;
; Disable Register Merging Across Hierarchies                      ; Auto               ; Auto               ;
; Resource Aware Inference For Block RAM                           ; On                 ; On                 ;
+------------------------------------------------------------------+--------------------+--------------------+


+------------------------------------------+
; Parallel Compilation                     ;
+----------------------------+-------------+
; Processors                 ; Number      ;
+----------------------------+-------------+
; Number detected on machine ; 12          ;
; Maximum allowed            ; 6           ;
;                            ;             ;
; Average used               ; 1.00        ;
; Maximum used               ; 6           ;
;                            ;             ;
; Usage by Processor         ; % Time Used ;
;     Processor 1            ; 100.0%      ;
;     Processors 2-6         ;   0.0%      ;
+----------------------------+-------------+


+------------------------------------------------------------------------------------------------------------------------------------------------------------------------------------------------------------------------------------------+
; Analysis & Synthesis Source Files Read                                                                                                                                                                                                   ;
+----------------------------------+-----------------+------------------------------------+--------------------------------------------------------------------------------------------------------------------------------------+---------+
; File Name with User-Entered Path ; Used in Netlist ; File Type                          ; File Name with Absolute Path                                                                                                         ; Library ;
+----------------------------------+-----------------+------------------------------------+--------------------------------------------------------------------------------------------------------------------------------------+---------+
; statemachine_block.bdf           ; yes             ; User Block Diagram/Schematic File  ; C:/Users/rickm/Documents/College/sem2_2023/ESET 219 sec 902/Final Project/Final Project/project_state_machine/statemachine_block.bdf ;         ;
; output_logic.bdf                 ; yes             ; User Block Diagram/Schematic File  ; C:/Users/rickm/Documents/College/sem2_2023/ESET 219 sec 902/Final Project/Final Project/project_state_machine/output_logic.bdf       ;         ;
; next_state_logic.bdf             ; yes             ; User Block Diagram/Schematic File  ; C:/Users/rickm/Documents/College/sem2_2023/ESET 219 sec 902/Final Project/Final Project/project_state_machine/next_state_logic.bdf   ;         ;
; LPWM.bdf                         ; yes             ; User Block Diagram/Schematic File  ; C:/Users/rickm/Documents/College/sem2_2023/ESET 219 sec 902/Final Project/Final Project/project_state_machine/LPWM.bdf               ;         ;
; RPWM.bdf                         ; yes             ; User Block Diagram/Schematic File  ; C:/Users/rickm/Documents/College/sem2_2023/ESET 219 sec 902/Final Project/Final Project/project_state_machine/RPWM.bdf               ;         ;
; Freqdivider100k.bdf              ; yes             ; User Block Diagram/Schematic File  ; C:/Users/rickm/Documents/College/sem2_2023/ESET 219 sec 902/Final Project/Final Project/project_state_machine/Freqdivider100k.bdf    ;         ;
; Final_Schematic.bdf              ; yes             ; User Block Diagram/Schematic File  ; C:/Users/rickm/Documents/College/sem2_2023/ESET 219 sec 902/Final Project/Final Project/project_state_machine/Final_Schematic.bdf    ;         ;
; 74163.tdf                        ; yes             ; Megafunction                       ; c:/intelfpga_lite/20.1/quartus/libraries/others/maxplus2/74163.tdf                                                                   ;         ;
; aglobal.inc                      ; yes             ; Megafunction                       ; c:/intelfpga_lite/20.1/quartus/libraries/megafunctions/aglobal.inc                                                                   ;         ;
; f74163.bdf                       ; yes             ; Megafunction                       ; c:/intelfpga_lite/20.1/quartus/libraries/others/maxplus2/f74163.bdf                                                                  ;         ;
; 7485.tdf                         ; yes             ; Megafunction                       ; c:/intelfpga_lite/20.1/quartus/libraries/others/maxplus2/7485.tdf                                                                    ;         ;
; f7485.bdf                        ; yes             ; Megafunction                       ; c:/intelfpga_lite/20.1/quartus/libraries/others/maxplus2/f7485.bdf                                                                   ;         ;
; 74161.tdf                        ; yes             ; Megafunction                       ; c:/intelfpga_lite/20.1/quartus/libraries/others/maxplus2/74161.tdf                                                                   ;         ;
; f74161.bdf                       ; yes             ; Megafunction                       ; c:/intelfpga_lite/20.1/quartus/libraries/others/maxplus2/f74161.bdf                                                                  ;         ;
+----------------------------------+-----------------+------------------------------------+--------------------------------------------------------------------------------------------------------------------------------------+---------+


+--------------------------------------------------------------------------+
; Analysis & Synthesis Resource Usage Summary                              ;
+---------------------------------------------+----------------------------+
; Resource                                    ; Usage                      ;
+---------------------------------------------+----------------------------+
; Estimated Total logic elements              ; 47                         ;
;                                             ;                            ;
; Total combinational functions               ; 47                         ;
; Logic element usage by number of LUT inputs ;                            ;
;     -- 4 input functions                    ; 25                         ;
;     -- 3 input functions                    ; 10                         ;
;     -- <=2 input functions                  ; 12                         ;
;                                             ;                            ;
; Logic elements by mode                      ;                            ;
;     -- normal mode                          ; 47                         ;
;     -- arithmetic mode                      ; 0                          ;
;                                             ;                            ;
; Total registers                             ; 21                         ;
;     -- Dedicated logic registers            ; 21                         ;
;     -- I/O registers                        ; 0                          ;
;                                             ;                            ;
; I/O pins                                    ; 11                         ;
;                                             ;                            ;
; Embedded Multiplier 9-bit elements          ; 0                          ;
;                                             ;                            ;
; Maximum fan-out node                        ; Freqdivider100k:inst|inst8 ;
; Maximum fan-out                             ; 13                         ;
; Total fan-out                               ; 215                        ;
; Average fan-out                             ; 2.39                       ;
+---------------------------------------------+----------------------------+


+------------------------------------------------------------------------------------------------------------------------------------------------------------------------------------------------------------------------------------------------------------------------------------------+
; Analysis & Synthesis Resource Utilization by Entity                                                                                                                                                                                                                                      ;
+-------------------------------+---------------------+---------------------------+-------------+------------+--------------+---------+-----------+------+--------------+------------+-----------------------------------------------------------------+--------------------+--------------+
; Compilation Hierarchy Node    ; Combinational ALUTs ; Dedicated Logic Registers ; Memory Bits ; UFM Blocks ; DSP Elements ; DSP 9x9 ; DSP 18x18 ; Pins ; Virtual Pins ; ADC blocks ; Full Hierarchy Name                                             ; Entity Name        ; Library Name ;
+-------------------------------+---------------------+---------------------------+-------------+------------+--------------+---------+-----------+------+--------------+------------+-----------------------------------------------------------------+--------------------+--------------+
; |Final_Schematic              ; 47 (0)              ; 21 (0)                    ; 0           ; 0          ; 0            ; 0       ; 0         ; 11   ; 0            ; 0          ; |Final_Schematic                                                ; Final_Schematic    ; work         ;
;    |Freqdivider100k:inst|     ; 16 (1)              ; 9 (1)                     ; 0           ; 0          ; 0            ; 0       ; 0         ; 0    ; 0            ; 0          ; |Final_Schematic|Freqdivider100k:inst                           ; Freqdivider100k    ; work         ;
;       |74163:inst2|           ; 7 (0)               ; 4 (0)                     ; 0           ; 0          ; 0            ; 0       ; 0         ; 0    ; 0            ; 0          ; |Final_Schematic|Freqdivider100k:inst|74163:inst2               ; 74163              ; work         ;
;          |f74163:sub|         ; 7 (7)               ; 4 (4)                     ; 0           ; 0          ; 0            ; 0       ; 0         ; 0    ; 0            ; 0          ; |Final_Schematic|Freqdivider100k:inst|74163:inst2|f74163:sub    ; f74163             ; work         ;
;       |74163:inst|            ; 8 (0)               ; 4 (0)                     ; 0           ; 0          ; 0            ; 0       ; 0         ; 0    ; 0            ; 0          ; |Final_Schematic|Freqdivider100k:inst|74163:inst                ; 74163              ; work         ;
;          |f74163:sub|         ; 8 (8)               ; 4 (4)                     ; 0           ; 0          ; 0            ; 0       ; 0         ; 0    ; 0            ; 0          ; |Final_Schematic|Freqdivider100k:inst|74163:inst|f74163:sub     ; f74163             ; work         ;
;    |LPWM:inst2|               ; 6 (2)               ; 2 (0)                     ; 0           ; 0          ; 0            ; 0       ; 0         ; 0    ; 0            ; 0          ; |Final_Schematic|LPWM:inst2                                     ; LPWM               ; work         ;
;       |74161:inst|            ; 2 (0)               ; 2 (0)                     ; 0           ; 0          ; 0            ; 0       ; 0         ; 0    ; 0            ; 0          ; |Final_Schematic|LPWM:inst2|74161:inst                          ; 74161              ; work         ;
;          |f74161:sub|         ; 2 (2)               ; 2 (2)                     ; 0           ; 0          ; 0            ; 0       ; 0         ; 0    ; 0            ; 0          ; |Final_Schematic|LPWM:inst2|74161:inst|f74161:sub               ; f74161             ; work         ;
;       |7485:inst3|            ; 2 (0)               ; 0 (0)                     ; 0           ; 0          ; 0            ; 0       ; 0         ; 0    ; 0            ; 0          ; |Final_Schematic|LPWM:inst2|7485:inst3                          ; 7485               ; work         ;
;          |f7485:sub|          ; 2 (2)               ; 0 (0)                     ; 0           ; 0          ; 0            ; 0       ; 0         ; 0    ; 0            ; 0          ; |Final_Schematic|LPWM:inst2|7485:inst3|f7485:sub                ; f7485              ; work         ;
;    |RPWM:inst3|               ; 8 (2)               ; 2 (0)                     ; 0           ; 0          ; 0            ; 0       ; 0         ; 0    ; 0            ; 0          ; |Final_Schematic|RPWM:inst3                                     ; RPWM               ; work         ;
;       |74161:inst|            ; 2 (0)               ; 2 (0)                     ; 0           ; 0          ; 0            ; 0       ; 0         ; 0    ; 0            ; 0          ; |Final_Schematic|RPWM:inst3|74161:inst                          ; 74161              ; work         ;
;          |f74161:sub|         ; 2 (2)               ; 2 (2)                     ; 0           ; 0          ; 0            ; 0       ; 0         ; 0    ; 0            ; 0          ; |Final_Schematic|RPWM:inst3|74161:inst|f74161:sub               ; f74161             ; work         ;
;       |7485:inst3|            ; 4 (0)               ; 0 (0)                     ; 0           ; 0          ; 0            ; 0       ; 0         ; 0    ; 0            ; 0          ; |Final_Schematic|RPWM:inst3|7485:inst3                          ; 7485               ; work         ;
;          |f7485:sub|          ; 4 (4)               ; 0 (0)                     ; 0           ; 0          ; 0            ; 0       ; 0         ; 0    ; 0            ; 0          ; |Final_Schematic|RPWM:inst3|7485:inst3|f7485:sub                ; f7485              ; work         ;
;    |statemachine_block:inst1| ; 17 (0)              ; 8 (0)                     ; 0           ; 0          ; 0            ; 0       ; 0         ; 0    ; 0            ; 0          ; |Final_Schematic|statemachine_block:inst1                       ; statemachine_block ; work         ;
;       |next_state_logic:inst| ; 15 (15)             ; 8 (8)                     ; 0           ; 0          ; 0            ; 0       ; 0         ; 0    ; 0            ; 0          ; |Final_Schematic|statemachine_block:inst1|next_state_logic:inst ; next_state_logic   ; work         ;
;       |output_logic:inst1|    ; 2 (2)               ; 0 (0)                     ; 0           ; 0          ; 0            ; 0       ; 0         ; 0    ; 0            ; 0          ; |Final_Schematic|statemachine_block:inst1|output_logic:inst1    ; output_logic       ; work         ;
+-------------------------------+---------------------+---------------------------+-------------+------------+--------------+---------+-----------+------+--------------+------------+-----------------------------------------------------------------+--------------------+--------------+
Note: For table entries with two numbers listed, the numbers in parentheses indicate the number of resources of the given type used by the specific entity alone. The numbers listed outside of parentheses indicate the total resources of the given type used by the specific entity and all of its sub-entities in the hierarchy.


+------------------------------------------------------------------------------------------+
; Registers Removed During Synthesis                                                       ;
+---------------------------------------+--------------------------------------------------+
; Register name                         ; Reason for Removal                               ;
+---------------------------------------+--------------------------------------------------+
; LPWM:inst2|74161:inst|f74161:sub|9    ; Merged with RPWM:inst3|74161:inst|f74161:sub|9   ;
; LPWM:inst2|74161:inst|f74161:sub|87   ; Merged with RPWM:inst3|74161:inst|f74161:sub|87  ;
; RPWM:inst3|74161:inst|f74161:sub|110  ; Merged with LPWM:inst2|74161:inst|f74161:sub|110 ;
; RPWM:inst3|74161:inst|f74161:sub|99   ; Merged with LPWM:inst2|74161:inst|f74161:sub|99  ;
; Total Number of Removed Registers = 4 ;                                                  ;
+---------------------------------------+--------------------------------------------------+


+------------------------------------------------------+
; General Register Statistics                          ;
+----------------------------------------------+-------+
; Statistic                                    ; Value ;
+----------------------------------------------+-------+
; Total registers                              ; 21    ;
; Number of registers using Synchronous Clear  ; 0     ;
; Number of registers using Synchronous Load   ; 0     ;
; Number of registers using Asynchronous Clear ; 8     ;
; Number of registers using Asynchronous Load  ; 0     ;
; Number of registers using Clock Enable       ; 0     ;
; Number of registers using Preset             ; 0     ;
+----------------------------------------------+-------+


+-----------------------------------------------------------------+
; Inverted Register Statistics                                    ;
+-------------------------------------------------------+---------+
; Inverted Register                                     ; Fan out ;
+-------------------------------------------------------+---------+
; statemachine_block:inst1|next_state_logic:inst|inst62 ; 2       ;
; Total number of inverted registers = 1                ;         ;
+-------------------------------------------------------+---------+


+-------------------------------------------------------------------------------+
; Parameter Settings for User Entity Instance: Freqdivider100k:inst|74163:inst2 ;
+------------------------+--------+---------------------------------------------+
; Parameter Name         ; Value  ; Type                                        ;
+------------------------+--------+---------------------------------------------+
; DEVICE_FAMILY          ; MAX 10 ; Untyped                                     ;
; AUTO_CARRY_CHAINS      ; ON     ; AUTO_CARRY                                  ;
; IGNORE_CARRY_BUFFERS   ; OFF    ; IGNORE_CARRY                                ;
; AUTO_CASCADE_CHAINS    ; ON     ; AUTO_CASCADE                                ;
; IGNORE_CASCADE_BUFFERS ; OFF    ; IGNORE_CASCADE                              ;
+------------------------+--------+---------------------------------------------+
Note: In order to hide this table in the UI and the text report file, please set the "Show Parameter Settings in Synthesis Report" option in "Analysis and Synthesis Settings -> More Settings" to "Off".


+------------------------------------------------------------------------------+
; Parameter Settings for User Entity Instance: Freqdivider100k:inst|74163:inst ;
+------------------------+--------+--------------------------------------------+
; Parameter Name         ; Value  ; Type                                       ;
+------------------------+--------+--------------------------------------------+
; DEVICE_FAMILY          ; MAX 10 ; Untyped                                    ;
; AUTO_CARRY_CHAINS      ; ON     ; AUTO_CARRY                                 ;
; IGNORE_CARRY_BUFFERS   ; OFF    ; IGNORE_CARRY                               ;
; AUTO_CASCADE_CHAINS    ; ON     ; AUTO_CASCADE                               ;
; IGNORE_CASCADE_BUFFERS ; OFF    ; IGNORE_CASCADE                             ;
+------------------------+--------+--------------------------------------------+
Note: In order to hide this table in the UI and the text report file, please set the "Show Parameter Settings in Synthesis Report" option in "Analysis and Synthesis Settings -> More Settings" to "Off".


+--------------------------------------------------------------------+
; Parameter Settings for User Entity Instance: LPWM:inst2|7485:inst3 ;
+------------------------+--------+----------------------------------+
; Parameter Name         ; Value  ; Type                             ;
+------------------------+--------+----------------------------------+
; DEVICE_FAMILY          ; MAX 10 ; Untyped                          ;
; AUTO_CARRY_CHAINS      ; ON     ; AUTO_CARRY                       ;
; IGNORE_CARRY_BUFFERS   ; OFF    ; IGNORE_CARRY                     ;
; AUTO_CASCADE_CHAINS    ; ON     ; AUTO_CASCADE                     ;
; IGNORE_CASCADE_BUFFERS ; OFF    ; IGNORE_CASCADE                   ;
+------------------------+--------+----------------------------------+
Note: In order to hide this table in the UI and the text report file, please set the "Show Parameter Settings in Synthesis Report" option in "Analysis and Synthesis Settings -> More Settings" to "Off".


+--------------------------------------------------------------------+
; Parameter Settings for User Entity Instance: LPWM:inst2|74161:inst ;
+------------------------+--------+----------------------------------+
; Parameter Name         ; Value  ; Type                             ;
+------------------------+--------+----------------------------------+
; DEVICE_FAMILY          ; MAX 10 ; Untyped                          ;
; AUTO_CARRY_CHAINS      ; ON     ; AUTO_CARRY                       ;
; IGNORE_CARRY_BUFFERS   ; OFF    ; IGNORE_CARRY                     ;
; AUTO_CASCADE_CHAINS    ; ON     ; AUTO_CASCADE                     ;
; IGNORE_CASCADE_BUFFERS ; OFF    ; IGNORE_CASCADE                   ;
+------------------------+--------+----------------------------------+
Note: In order to hide this table in the UI and the text report file, please set the "Show Parameter Settings in Synthesis Report" option in "Analysis and Synthesis Settings -> More Settings" to "Off".


+--------------------------------------------------------------------+
; Parameter Settings for User Entity Instance: RPWM:inst3|7485:inst3 ;
+------------------------+--------+----------------------------------+
; Parameter Name         ; Value  ; Type                             ;
+------------------------+--------+----------------------------------+
; DEVICE_FAMILY          ; MAX 10 ; Untyped                          ;
; AUTO_CARRY_CHAINS      ; ON     ; AUTO_CARRY                       ;
; IGNORE_CARRY_BUFFERS   ; OFF    ; IGNORE_CARRY                     ;
; AUTO_CASCADE_CHAINS    ; ON     ; AUTO_CASCADE                     ;
; IGNORE_CASCADE_BUFFERS ; OFF    ; IGNORE_CASCADE                   ;
+------------------------+--------+----------------------------------+
Note: In order to hide this table in the UI and the text report file, please set the "Show Parameter Settings in Synthesis Report" option in "Analysis and Synthesis Settings -> More Settings" to "Off".


+--------------------------------------------------------------------+
; Parameter Settings for User Entity Instance: RPWM:inst3|74161:inst ;
+------------------------+--------+----------------------------------+
; Parameter Name         ; Value  ; Type                             ;
+------------------------+--------+----------------------------------+
; DEVICE_FAMILY          ; MAX 10 ; Untyped                          ;
; AUTO_CARRY_CHAINS      ; ON     ; AUTO_CARRY                       ;
; IGNORE_CARRY_BUFFERS   ; OFF    ; IGNORE_CARRY                     ;
; AUTO_CASCADE_CHAINS    ; ON     ; AUTO_CASCADE                     ;
; IGNORE_CASCADE_BUFFERS ; OFF    ; IGNORE_CASCADE                   ;
+------------------------+--------+----------------------------------+
Note: In order to hide this table in the UI and the text report file, please set the "Show Parameter Settings in Synthesis Report" option in "Analysis and Synthesis Settings -> More Settings" to "Off".


+-----------------------------------------------------+
; Post-Synthesis Netlist Statistics for Top Partition ;
+-----------------------+-----------------------------+
; Type                  ; Count                       ;
+-----------------------+-----------------------------+
; boundary_port         ; 11                          ;
; cycloneiii_ff         ; 21                          ;
;     CLR               ; 8                           ;
;     plain             ; 13                          ;
; cycloneiii_lcell_comb ; 48                          ;
;     normal            ; 48                          ;
;         0 data inputs ; 1                           ;
;         1 data inputs ; 3                           ;
;         2 data inputs ; 9                           ;
;         3 data inputs ; 10                          ;
;         4 data inputs ; 25                          ;
;                       ;                             ;
; Max LUT depth         ; 4.00                        ;
; Average LUT depth     ; 2.31                        ;
+-----------------------+-----------------------------+


+-------------------------------+
; Elapsed Time Per Partition    ;
+----------------+--------------+
; Partition Name ; Elapsed Time ;
+----------------+--------------+
; Top            ; 00:00:00     ;
+----------------+--------------+


+-------------------------------+
; Analysis & Synthesis Messages ;
+-------------------------------+
Info: *******************************************************************
Info: Running Quartus Prime Analysis & Synthesis
    Info: Version 20.1.1 Build 720 11/11/2020 SJ Lite Edition
    Info: Processing started: Tue May 02 15:44:54 2023
Info: Command: quartus_map --read_settings_files=on --write_settings_files=off statemachine -c statemachine
Warning (18236): Number of processors has not been specified which may cause overloading on shared machines.  Set the global assignment NUM_PARALLEL_PROCESSORS in your QSF to an appropriate value for best performance.
Info (20030): Parallel compilation is enabled and will use 6 of the 6 processors detected
Info (12021): Found 1 design units, including 1 entities, in source file statemachine_block.bdf
    Info (12023): Found entity 1: statemachine_block
Info (12021): Found 1 design units, including 1 entities, in source file output_logic.bdf
    Info (12023): Found entity 1: output_logic
Info (12021): Found 1 design units, including 1 entities, in source file next_state_logic.bdf
    Info (12023): Found entity 1: next_state_logic
Info (12021): Found 1 design units, including 1 entities, in source file lpwm.bdf
    Info (12023): Found entity 1: LPWM
Info (12021): Found 1 design units, including 1 entities, in source file rpwm.bdf
    Info (12023): Found entity 1: RPWM
Info (12021): Found 1 design units, including 1 entities, in source file freqdivider100k.bdf
    Info (12023): Found entity 1: Freqdivider100k
Info (12021): Found 1 design units, including 1 entities, in source file final_schematic.bdf
    Info (12023): Found entity 1: Final_Schematic
Info (12127): Elaborating entity "Final_Schematic" for the top level hierarchy
Info (12128): Elaborating entity "statemachine_block" for hierarchy "statemachine_block:inst1"
Info (12128): Elaborating entity "output_logic" for hierarchy "statemachine_block:inst1|output_logic:inst1"
Warning (275011): Block or symbol "OR8" of instance "inst8" overlaps another block or symbol
Warning (275009): Pin "S0" not connected
Warning (275008): Primitive "OR8" of instance "inst10" not used
Warning (275008): Primitive "OR4" of instance "inst17" not used
Warning (275008): Primitive "OR8" of instance "inst8" not used
Warning (275008): Primitive "GND" of instance "inst9" not used
Info (12128): Elaborating entity "next_state_logic" for hierarchy "statemachine_block:inst1|next_state_logic:inst"
Warning (275011): Block or symbol "OR4" of instance "inst56" overlaps another block or symbol
Warning (275011): Block or symbol "OR4" of instance "inst69" overlaps another block or symbol
Info (12128): Elaborating entity "Freqdivider100k" for hierarchy "Freqdivider100k:inst"
Info (12128): Elaborating entity "74163" for hierarchy "Freqdivider100k:inst|74163:inst2"
Info (12130): Elaborated megafunction instantiation "Freqdivider100k:inst|74163:inst2"
Info (12128): Elaborating entity "f74163" for hierarchy "Freqdivider100k:inst|74163:inst2|f74163:sub" File: c:/intelfpga_lite/20.1/quartus/libraries/others/maxplus2/74163.tdf Line: 33
Info (12131): Elaborated megafunction instantiation "Freqdivider100k:inst|74163:inst2|f74163:sub", which is child of megafunction instantiation "Freqdivider100k:inst|74163:inst2" File: c:/intelfpga_lite/20.1/quartus/libraries/others/maxplus2/74163.tdf Line: 33
Info (12128): Elaborating entity "74163" for hierarchy "Freqdivider100k:inst|74163:inst"
Info (12130): Elaborated megafunction instantiation "Freqdivider100k:inst|74163:inst"
Info (12128): Elaborating entity "LPWM" for hierarchy "LPWM:inst2"
Info (12128): Elaborating entity "7485" for hierarchy "LPWM:inst2|7485:inst3"
Info (12130): Elaborated megafunction instantiation "LPWM:inst2|7485:inst3"
Info (12128): Elaborating entity "f7485" for hierarchy "LPWM:inst2|7485:inst3|f7485:sub" File: c:/intelfpga_lite/20.1/quartus/libraries/others/maxplus2/7485.tdf Line: 27
Info (12131): Elaborated megafunction instantiation "LPWM:inst2|7485:inst3|f7485:sub", which is child of megafunction instantiation "LPWM:inst2|7485:inst3" File: c:/intelfpga_lite/20.1/quartus/libraries/others/maxplus2/7485.tdf Line: 27
Info (12128): Elaborating entity "74161" for hierarchy "LPWM:inst2|74161:inst"
Info (12130): Elaborated megafunction instantiation "LPWM:inst2|74161:inst"
Info (12128): Elaborating entity "f74161" for hierarchy "LPWM:inst2|74161:inst|f74161:sub" File: c:/intelfpga_lite/20.1/quartus/libraries/others/maxplus2/74161.tdf Line: 33
Info (12131): Elaborated megafunction instantiation "LPWM:inst2|74161:inst|f74161:sub", which is child of megafunction instantiation "LPWM:inst2|74161:inst" File: c:/intelfpga_lite/20.1/quartus/libraries/others/maxplus2/74161.tdf Line: 33
Info (12128): Elaborating entity "RPWM" for hierarchy "RPWM:inst3"
Info (13014): Ignored 17 buffer(s)
    Info (13015): Ignored 15 CARRY buffer(s)
    Info (13017): Ignored 2 CASCADE buffer(s)
Info (13000): Registers with preset signals will power-up high
Info (13003): DEV_CLRn pin will set, and not reset, register with preset signal due to NOT Gate Push-Back
Warning (13024): Output pins are stuck at VCC or GND
    Warning (13410): Pin "DR" is stuck at VCC
    Warning (13410): Pin "DL" is stuck at VCC
Info (286030): Timing-Driven Synthesis is running
Info (16010): Generating hard_block partition "hard_block:auto_generated_inst"
    Info (16011): Adding 0 node(s), including 0 DDIO, 0 PLL, 0 transceiver and 0 LCELL
Info (21057): Implemented 58 device resources after synthesis - the final resource count might be different
    Info (21058): Implemented 6 input pins
    Info (21059): Implemented 5 output pins
    Info (21061): Implemented 47 logic cells
Info: Quartus Prime Analysis & Synthesis was successful. 0 errors, 12 warnings
    Info: Peak virtual memory: 4782 megabytes
    Info: Processing ended: Tue May 02 15:45:01 2023
    Info: Elapsed time: 00:00:07
    Info: Total CPU time (on all processors): 00:00:09


